// Jest Snapshot v1, https://jestjs.io/docs/snapshot-testing

exports[`Breadcrumbs template should match snapshot 1`] = `
<div>
  <div
    class="fil-path-backdrop"
  >
    <h2
      class="fil-path-title"
      data-testid="path-title"
    >
      <span
        class="fil-path-link"
      >
        <span
          class="fil-path-link-name"
        >
          Drive
        </span>
        <svg
          class="twake-icon fil-path-separator"
          height="16"
          viewBox="0 0 16 16"
          width="16"
          xmlns="http://www.w3.org/2000/svg"
        >
          <path
            d="M8.6 8 4.7 4.1a.95.95 0 0 1-.275-.7q0-.426.275-.7a.95.95 0 0 1 .7-.275q.425 0 .7.275l4.6 4.6q.15.15.213.325.062.174.062.375 0 .2-.063.375a.9.9 0 0 1-.212.325l-4.6 4.6a.95.95 0 0 1-.7.275.95.95 0 0 1-.7-.275.95.95 0 0 1-.275-.7q0-.426.275-.7z"
          />
        </svg>
      </span>
      <span
        class="fil-path-link"
      >
        <span
          class="fil-path-link-name"
        >
          grandParent
        </span>
        <svg
          class="twake-icon fil-path-separator"
          height="16"
          viewBox="0 0 16 16"
          width="16"
          xmlns="http://www.w3.org/2000/svg"
        >
          <path
            d="M8.6 8 4.7 4.1a.95.95 0 0 1-.275-.7q0-.426.275-.7a.95.95 0 0 1 .7-.275q.425 0 .7.275l4.6 4.6q.15.15.213.325.062.174.062.375 0 .2-.063.375a.9.9 0 0 1-.212.325l-4.6 4.6a.95.95 0 0 1-.7.275.95.95 0 0 1-.7-.275.95.95 0 0 1-.275-.7q0-.426.275-.7z"
          />
        </svg>
      </span>
      <span
        class="fil-path-link"
      >
        <span
          class="fil-path-link-name"
        >
          parent
        </span>
        <svg
          class="twake-icon fil-path-separator"
          height="16"
          viewBox="0 0 16 16"
          width="16"
          xmlns="http://www.w3.org/2000/svg"
        >
          <path
            d="M8.6 8 4.7 4.1a.95.95 0 0 1-.275-.7q0-.426.275-.7a.95.95 0 0 1 .7-.275q.425 0 .7.275l4.6 4.6q.15.15.213.325.062.174.062.375 0 .2-.063.375a.9.9 0 0 1-.212.325l-4.6 4.6a.95.95 0 0 1-.7.275.95.95 0 0 1-.7-.275.95.95 0 0 1-.275-.7q0-.426.275-.7z"
          />
        </svg>
      </span>
      <span
        class="fil-path-current"
      >
        <span
          class="fil-path-current-name"
        >
          current
        </span>
        <span
          class="fil-path-down"
        />
      </span>
    </h2>
  </div>
</div>
`;
